// Jest Snapshot v1, https://goo.gl/fbAQLP

exports[`Should private route work 1`] = `null`;
