// Jest Snapshot v1, https://goo.gl/fbAQLP

exports[`Should Map render correctly Should map of whole city render 1`] = `
<div
  id="map"
  style={
    Object {
      "height": "100%",
    }
  }
/>
`;
