// Jest Snapshot v1, https://goo.gl/fbAQLP

exports[`Should render main block of main page with no cities 1`] = `
<section
  className="cities__no-places"
>
  <div
    className="cities__status-wrapper tabs__content"
  >
    <b
      className="cities__status"
    >
      No places to stay available
    </b>
    <p
      className="cities__status-description"
    >
      We could not find any property available at the moment in Dusseldorf
    </p>
  </div>
</section>
`;
