// Jest Snapshot v1, https://goo.gl/fbAQLP

exports[`Should Offer Card render 1`] = `
<article
  className="cities__place-card place-card"
  onMouseOver={[Function]}
>
  
  <div
    className="cities__image-wrapper place-card__image-wrapper"
  >
    <a
      href="/offer/123"
      onClick={[Function]}
    >
      <img
        className="place-card__image"
        height="56"
        src="https://picsum.photos/210"
        width="123"
      />
    </a>
  </div>
  <div
    className="place-card__info"
  >
    <div
      className="place-card__price-wrapper"
    >
      <div
        className="place-card__price"
      >
        <b
          className="place-card__price-value"
        >
          €
          444
        </b>
        <span
          className="place-card__price-text"
        >
          / night
        </span>
      </div>
      <button
        className="place-card__bookmark-button button place-card__bookmark-button--active"
        onClick={[Function]}
        type="button"
      >
        <svg
          className="place-card__bookmark-icon"
          height={19}
          width={18}
        >
          <use
            xlinkHref="#icon-bookmark"
          />
        </svg>
        <span
          className="visually-hidden"
        >
          To bookmarks
        </span>
      </button>
    </div>
    <div
      className="place-card__rating rating"
    >
      <div
        className="place-card__stars rating__stars"
      >
        <span
          style={
            Object {
              "width": "80%",
            }
          }
        />
        <span
          className="visually-hidden"
        >
          Rating
        </span>
      </div>
    </div>
    <h2
      className="place-card__name"
    >
      <a
        href="/offer/123"
        onClick={[Function]}
      >
        Bla bla bla
      </a>
    </h2>
    <p
      className="place-card__type"
    >
      Room
    </p>
  </div>
</article>
`;
