// Jest Snapshot v1, https://goo.gl/fbAQLP

exports[`with active sort type should render 1`] = `<div />`;
