// Jest Snapshot v1, https://goo.gl/fbAQLP

exports[`Should loading render correctly 1`] = `
<p
  className="status"
>
  Loading
</p>
`;
